exports[`application saga show should dispatch the showFail if request was failed 1`] = `
Object {
  "@@redux-saga/IO": true,
  "CALL": Object {
    "args": Array [
      "get",
      "applications/1",
      null,
      EntitySchema {
        "_getId": [Function],
        "_idAttribute": "id",
        "_key": "application",
        "_mergeStrategy": [Function],
        "_processStrategy": [Function],
        "schema": Object {},
      },
    ],
    "context": null,
    "fn": [Function],
  },
}
`;

exports[`application saga show should dispatch the showSuccess if request was succeeded 1`] = `
Object {
  "@@redux-saga/IO": true,
  "CALL": Object {
    "args": Array [
      "get",
      "applications/1",
      null,
      EntitySchema {
        "_getId": [Function],
        "_idAttribute": "id",
        "_key": "application",
        "_mergeStrategy": [Function],
        "_processStrategy": [Function],
        "schema": Object {},
      },
    ],
    "context": null,
    "fn": [Function],
  },
}
`;
